C:\Users\Admin\Downloads\doctor (2)\AppAIDICOM-main\src\main\java\com\medical\controller\ApiController.java
C:\Users\Admin\Downloads\doctor (2)\AppAIDICOM-main\src\main\java\com\medical\controller\PatientController.java
C:\Users\Admin\Downloads\doctor (2)\AppAIDICOM-main\src\main\java\com\medical\DoctorInterfaceApplication.java
C:\Users\Admin\Downloads\doctor (2)\AppAIDICOM-main\src\main\java\com\medical\model\AIResult.java
C:\Users\Admin\Downloads\doctor (2)\AppAIDICOM-main\src\main\java\com\medical\model\Annotation.java
C:\Users\Admin\Downloads\doctor (2)\AppAIDICOM-main\src\main\java\com\medical\model\DicomImage.java
C:\Users\Admin\Downloads\doctor (2)\AppAIDICOM-main\src\main\java\com\medical\model\Patient.java
C:\Users\Admin\Downloads\doctor (2)\AppAIDICOM-main\src\main\java\com\medical\model\Report.java
C:\Users\Admin\Downloads\doctor (2)\AppAIDICOM-main\src\main\java\com\medical\repository\AIResultRepository.java
C:\Users\Admin\Downloads\doctor (2)\AppAIDICOM-main\src\main\java\com\medical\repository\AnnotationRepository.java
C:\Users\Admin\Downloads\doctor (2)\AppAIDICOM-main\src\main\java\com\medical\repository\DicomImageRepository.java
C:\Users\Admin\Downloads\doctor (2)\AppAIDICOM-main\src\main\java\com\medical\repository\PatientRepository.java
C:\Users\Admin\Downloads\doctor (2)\AppAIDICOM-main\src\main\java\com\medical\repository\ReportRepository.java
C:\Users\Admin\Downloads\doctor (2)\AppAIDICOM-main\src\main\java\com\medical\service\PatientService.java
